// Jest Snapshot v1, https://goo.gl/fbAQLP

exports[`[COMPONENT] Container Tests for changes in the rendered component 1`] = `
<div
  className="Container undefined"
/>
`;
