// Jest Snapshot v1, https://goo.gl/fbAQLP

exports[`[COMPONENT] AddExpenseBtn Tests for changes in the rendered component 1`] = `
<Link
  data-testid="new"
  to="/new"
>
  <button
    className="AddExpenseBtn"
  >
    Add New Expense!
  </button>
</Link>
`;
