// Jest Snapshot v1, https://goo.gl/fbAQLP

exports[`[COMPONENT] AddExpensePage Tests for correct render 1`] = `
<div
  className="AddExpensePage"
>
  <Container
    column={true}
  >
    <div
      className="AddExpensePage__header"
    >
      <h2>
        Add Expense
      </h2>
    </div>
    <ExpenseForm
      onSubmit={[Function]}
    />
  </Container>
</div>
`;
