// Jest Snapshot v1, https://goo.gl/fbAQLP

exports[`[COMPONENT] MainContent Tests for changes in the rendered component 1`] = `
<div
  className="MainContent"
/>
`;
